AanI
AarI
AasI
AatII
AbaSI
Acc65I
AccI
AciI
AclI
AcuI
AdeI
AfeI
AflII
AflIII
AgeI
AhdI
AjiI
AjuI
AleI
AlfI
AloI
AluI
Alw21I
Alw26I
Alw44I
AlwI
AlwNI
ApaI
ApaLI
ApeKI
ApoI
AscI
AseI
AsiSI
AvaI
AvaII
AvrII
BaeGI
BaeI
BamHI
BanI
BanII
BauI
BbsI
BbvCI
BbvI
BccI
BceAI
BcgI
BciVI
BclI
BcnI
BcoDI
BcuI
BfaI
BfmI
BfoI
BfuAI
BfuCI
BfuI
BglI
BglII
BlpI
Bme1390I
BmgBI
BmrI
BmsI
BmtI
BoxI
BpiI
BplI
BpmI
Bpu10I
Bpu1102I
BpuEI
BsaAI
BsaBI
BsaHI
BsaI
BsaJI
BsaWI
BsaXI
BseDI
BseGI
BseJI
BseLI
BseMI
BseMII
BseNI
BseRI
BseSI
BseXI
BseYI
BsgI
Bsh1236I
Bsh1285I
BshNI
BshTI
BsiEI
BsiHKAI
BsiWI
BslI
BsmAI
BsmBI
BsmFI
BsmI
BsoBI
Bsp119I
Bsp120I
Bsp1286I
Bsp1407I
Bsp143I
Bsp68I
BspCNI
BspDI
BspEI
BspHI
BspLI
BspMI
BspOI
BspPI
BspQI
BspTI
BsrBI
BsrDI
BsrFI
BsrGI
BsrI
BssHII
BssKI
BssSI
Bst1107I
BstAPI
BstBI
BstEII
BstNI
BstUI
BstXI
BstYI
BstZ17I
Bsu15I
Bsu36I
BsuRI
BtgI
BtgZI
BtsCI
BtsI
BtsIMutI
BveI
Cac8I
CaiI
Cfr10I
Cfr13I
Cfr42I
Cfr9I
ClaI
CpoI
CseI
CsiI
Csp6I
CspCI
CviAII
CviKI-1
CviQI
DdeI
DpnI
DpnII
DraI
DraIII
DrdI
EaeI
EagI
Eam1104I
Eam1105I
EarI
EciI
Ecl136II
Eco105I
Eco130I
Eco147I
Eco24I
Eco31I
Eco32I
Eco47I
Eco47III
Eco52I
Eco53kI
Eco57I
Eco72I
Eco81I
Eco88I
Eco91I
EcoNI
EcoO109I
EcoRI
EcoRII
EcoRV
EheI
Esp3I
FaqI
FatI
FauI
Fnu4HI
FokI
FseI
FspAI
FspBI
FspEI
FspI
GsuI
HaeII
HaeIII
HgaI
HhaI
Hin1I
Hin1II
Hin6I
HinP1I
HincII
HindIII
HinfI
HpaI
HpaII
HphI
Hpy166II
Hpy188I
Hpy188III
Hpy8I
Hpy99I
HpyAV
HpyCH4III
HpyCH4IV
HpyCH4V
HpyF10VI
HpyF3I
KasI
KflI
Kpn2I
KpnI
KspAI
LguI
LpnPI
Lsp1109I
LweI
MauBI
MbiI
MboI
MboII
MfeI
MlsI
MluCI
MluI
MlyI
MmeI
MnlI
Mph1103I
MreI
MscI
MseI
MslI
MspA1I
MspI
MspJI
MssI
MunI
Mva1269I
MvaI
MwoI
NaeI
NarI
NciI
NcoI
NdeI
NgoMIV
NheI
NlaIII
NlaIV
NmeAIII
NmuCI
NotI
NruI
NsbI
NsiI
NspI
OliI
PacI
PaeI
PaeR7I
PagI
PasI
PauI
PciI
PdiI
PdmI
PfeI
Pfl23II
PflFI
PflMI
PfoI
PleI
PluTI
PmeI
PmlI
Ppu21I
PpuMI
PscI
PshAI
PsiI
Psp1406I
Psp5II
PspGI
PspOMI
PspXI
PstI
PsuI
PsyI
PteI
PvuI
PvuII
RruI
RsaI
RseI
RsrII
SacI
SacII
SalI
SapI
SaqAI
SatI
Sau3AI
Sau96I
SbfI
ScaI
SchI
ScrFI
SdaI
SduI
SexAI
SfaAI
SfaNI
SfcI
SfiI
SfoI
SgeI
SgrAI
SgrDI
SgsI
SmaI
SmiI
SmlI
SmoI
SnaBI
SpeI
SphI
SsiI
SspDI
SspI
StuI
StyD4I
StyI
SwaI
TaaI
TaiI
TaqI
TasI
TatI
TauI
TfiI
Tru1I
TscAI
TseI
Tsp45I
TspMI
TspRI
Tth111I
Van91I
VspI
XagI
XapI
XbaI
XceI
XcmI
XhoI
XmaI
XmaJI
XmiI
XmnI
ZraI
